#! /opt/homebrew/Cellar/icarus-verilog/13.0/bin/vvp
:ivl_version "13.0 (stable)" "(v13_0)";
:ivl_delay_selection "TYPICAL";
:vpi_time_precision + 0;
:vpi_module "/opt/homebrew/Cellar/icarus-verilog/13.0/lib/ivl/system.vpi";
:vpi_module "/opt/homebrew/Cellar/icarus-verilog/13.0/lib/ivl/vhdl_sys.vpi";
:vpi_module "/opt/homebrew/Cellar/icarus-verilog/13.0/lib/ivl/vhdl_textio.vpi";
:vpi_module "/opt/homebrew/Cellar/icarus-verilog/13.0/lib/ivl/v2005_math.vpi";
:vpi_module "/opt/homebrew/Cellar/icarus-verilog/13.0/lib/ivl/va_math.vpi";
:vpi_module "/opt/homebrew/Cellar/icarus-verilog/13.0/lib/ivl/v2009.vpi";
S_0x145f04440 .scope package, "$unit" "$unit" 2 1;
 .timescale 0 0;
S_0x145f045b0 .scope module, "or_gate_tb" "or_gate_tb" 3 1;
 .timescale 0 0;
v0x60000207c360_0 .var "a", 0 0;
v0x60000207c3f0_0 .var "b", 0 0;
v0x60000207c480_0 .net "c", 0 0, L_0x60000397c4d0;  1 drivers
v0x60000207c510_0 .var/i "i", 31 0;
S_0x145f04720 .scope module, "uut" "or_gate" 3 5, 4 1 0, S_0x145f045b0;
 .timescale 0 0;
    .port_info 0 /INPUT 1 "a";
    .port_info 1 /INPUT 1 "b";
    .port_info 2 /OUTPUT 1 "c";
L_0x60000397c4d0 .functor OR 1, v0x60000207c360_0, v0x60000207c3f0_0, C4<0>, C4<0>;
v0x60000207c1b0_0 .net "a", 0 0, v0x60000207c360_0;  1 drivers
v0x60000207c240_0 .net "b", 0 0, v0x60000207c3f0_0;  1 drivers
v0x60000207c2d0_0 .net "c", 0 0, L_0x60000397c4d0;  alias, 1 drivers
    .scope S_0x145f045b0;
T_0 ;
    %vpi_call/w 3 7 "$display", "time a b or_gate" {0 0 0};
    %vpi_call/w 3 8 "$monitor", "%0t %b %b %b", $time, v0x60000207c360_0, v0x60000207c3f0_0, v0x60000207c480_0 {0 0 0};
    %vpi_call/w 3 9 "$dumpfile", "or_wave.vcd" {0 0 0};
    %vpi_call/w 3 10 "$dumpvars", 32'sb00000000000000000000000000000000, S_0x145f045b0 {0 0 0};
    %pushi/vec4 0, 0, 32;
    %store/vec4 v0x60000207c510_0, 0, 32;
T_0.0 ; Top of for-loop
    %load/vec4 v0x60000207c510_0;
    %cmpi/s 4, 0, 32;
	  %jmp/0xz T_0.1, 5;
    %load/vec4 v0x60000207c510_0;
    %pad/s 2;
    %split/vec4 1;
    %store/vec4 v0x60000207c3f0_0, 0, 1;
    %store/vec4 v0x60000207c360_0, 0, 1;
    %delay 10, 0;
T_0.2 ; for-loop step statement
    %load/vec4 v0x60000207c510_0;
    %addi 1, 0, 32;
    %store/vec4 v0x60000207c510_0, 0, 32;
    %jmp T_0.0;
T_0.1 ; for-loop exit label
    %vpi_call/w 3 16 "$finish" {0 0 0};
    %end;
    .thread T_0;
# The file index is used to find the file name in the following table.
:file_names 5;
    "N/A";
    "<interactive>";
    "-";
    "tb_or_gate.v";
    "or_gate.v";
